// Bun Snapshot v1, https://bun.sh/docs/test/snapshots

exports[`calendar display renders 1`] = `
" \x1B[1m\x1B[37mMarch 2026\x1B[39m\x1B[22m
         \x1B[90mM\x1B[39m\x1B[1m9\x1B[22m\x1B[90mn\x1B[39m      \x1B[1m10\x1B[22m\x1B[90me\x1B[39m      \x1B[1m11\x1B[22m\x1B[90md\x1B[39m      \x1B[1m12\x1B[22m\x1B[90mu\x1B[39m      \x1B[1m13\x1B[22m\x1B[90mi\x1B[39m      \x1B[1m14\x1B[22m\x1B[90mt\x1B[39m     \x1B[1m\x1B[44m\x1B[37m 15 \x1B[39m\x1B[49m\x1B[22m
  \x1B[90m 6am\x1B[2m┄┄┄┄┄┄┄┄┄┄┄┄┄┄┄┄┄┄┄┄┄┄┄┄┄┄┄┄┄┄┄┄┄┄┄┄┄┄┄┄┄┄┄┄┄┄┄┄┄┄┄┄┄┄┄┄┄┄┄┄┄┄┄┄\x1B[22m\x1B[39m
  \x1B[90m 7am\x1B[2m┄┄┄┄┄┄┄┄┄┄┄┄┄┄┄┄┄┄┄┄┄┄┄┄┄┄┄┄┄┄┄┄┄┄┄┄┄┄┄┄┄┄┄┄┄┄┄┄┄┄┄┄┄┄┄┄┄┄┄┄┄┄┄┄\x1B[22m\x1B[39m
  \x1B[90m 8am\x1B[2m┄┄┄┄┄┄┄┄┄┄┄┄┄┄┄┄┄┄┄┄┄┄┄┄┄┄┄┄┄┄┄┄┄┄┄┄┄┄┄┄┄┄┄┄┄┄┄┄┄┄┄┄┄┄┄┄┄┄┄┄┄┄┄┄\x1B[22m\x1B[39m
 \x1B[1m\x1B[31m9:30a\x1B[22m━━━━━━━━━━━━━━━━━━━━━━━━━━━━━━━━━━━━━━━━━━━━━━━━━━━━━━━━━━━━━━━━\x1B[39m
  \x1B[90m10am\x1B[2m┄┄┄┄┄┄┄┄┄┄┄┄┄┄┄┄┄┄┄┄┄┄┄┄┄┄┄┄┄┄┄┄┄┄┄┄┄┄┄┄┄┄┄┄┄┄┄┄┄┄┄┄┄┄┄┄┄┄┄┄┄┄┄┄\x1B[22m\x1B[39m
  \x1B[90m11am\x1B[2m┄┄┄┄┄┄┄┄┄┄┄┄┄┄┄┄┄┄┄┄┄┄┄┄┄┄┄┄┄┄┄┄┄┄┄┄┄┄┄┄┄┄┄┄┄┄┄┄┄┄┄┄┄┄┄┄┄┄┄┄┄┄┄┄\x1B[22m\x1B[39m
  \x1B[90m12pm\x1B[2m┄┄┄┄┄┄┄┄┄┄┄┄┄┄┄┄┄┄┄┄┄┄┄┄┄┄┄┄┄┄┄┄┄┄┄┄┄┄┄┄┄┄┄┄┄┄┄┄┄┄┄┄┄┄┄┄┄┄┄┄┄┄┄┄\x1B[22m\x1B[39m
  \x1B[90m 1pm\x1B[2m┄┄┄┄┄┄┄┄┄┄┄┄┄┄┄┄┄┄┄┄┄┄┄┄┄┄┄┄┄┄┄┄┄┄┄┄┄┄┄┄┄┄┄┄┄┄┄┄┄┄┄┄┄┄┄┄┄┄┄┄┄┄┄┄\x1B[22m\x1B[39m
  \x1B[90m 2pm\x1B[2m┄┄┄┄┄┄┄┄┄┄┄┄┄┄┄┄┄┄┄┄┄┄┄┄┄┄┄┄┄┄┄┄┄┄┄┄┄┄┄┄┄┄┄┄┄┄┄┄┄┄┄┄┄┄┄┄┄┄┄┄┄┄┄┄\x1B[22m\x1B[39m
 \x1B[90m  4pm\x1B[2m────────────────────────────────────────────────────────────────\x1B[22m\x1B[39m
 \x1B[90m  5pm\x1B[2m────────────────────────────────────────────────────────────────\x1B[22m\x1B[39m
 \x1B[90m  6pm\x1B[2m────────────────────────────────────────────────────────────────\x1B[22m\x1B[39m
 \x1B[90m  7pm\x1B[2m────────────────────────────────────────────────────────────────\x1B[22m\x1B[39m
 \x1B[90m  8pm\x1B[2m────────────────────────────────────────────────────────────────\x1B[22m\x1B[39m
 \x1B[90m  9pm\x1B[2m────────────────────────────────────────────────────────────────\x1B[22m\x1B[39m
      \x1B[90m\x1B[2m┄┄┄┄┄┄┄┄┄┄┄┄┄┄┄┄┄┄┄┄┄┄┄┄┄┄┄┄┄┄┄┄┄┄┄┄┄┄┄┄┄┄┄┄┄┄┄┄┄┄┄┄┄┄┄┄┄┄┄┄┄┄┄┄\x1B[22m\x1B[39m"
`;

exports[`calendar meeting-picker renders 1`] = `
" \x1B[1m\x1B[37mMarch 2026 - Select a meeting time\x1B[39m\x1B[22m
 \x1B[46m\x1B[30m Ana \x1B[39m\x1B[49m
         \x1B[90mM\x1B[39m\x1B[1m9\x1B[22m\x1B[90mn\x1B[39m      \x1B[1m10\x1B[22m\x1B[90me\x1B[39m      \x1B[1m11\x1B[22m\x1B[90md\x1B[39m      \x1B[1m12\x1B[22m\x1B[90mu\x1B[39m      \x1B[1m13\x1B[22m\x1B[90mi\x1B[39m      \x1B[1m14\x1B[22m\x1B[90mt\x1B[39m     \x1B[1m\x1B[44m\x1B[37m 15 \x1B[39m\x1B[49m\x1B[22m
 \x1B[90m     \x1B[2m┄┄┄┄┄┄┄┄┄┄┄┄┄┄┄┄┄┄┄┄┄┄┄┄┄┄┄┄┄┄┄┄┄┄┄┄┄┄┄┄┄┄┄┄┄┄┄┄┄┄┄┄┄┄┄┄┄┄┄┄┄┄┄┄\x1B[22m\x1B[39m
 \x1B[90m     \x1B[2m┄┄┄┄┄┄┄┄┄┄┄┄┄┄┄┄┄┄┄┄┄┄┄┄┄┄┄┄┄┄┄┄┄┄┄┄┄┄┄┄┄┄┄┄┄┄┄┄┄┄┄┄┄┄┄┄┄┄┄┄┄┄┄┄\x1B[22m\x1B[39m
 \x1B[90m     \x1B[2m┄┄┄┄┄┄┄┄┄┄┄┄┄┄┄┄┄┄┄┄┄┄┄┄┄┄┄┄┄┄┄┄┄┄┄┄┄┄┄┄┄┄┄┄┄┄┄┄┄┄┄┄┄┄┄┄┄┄┄┄┄┄┄┄\x1B[22m\x1B[39m
 \x1B[90m     \x1B[2m┄┄┄┄┄┄┄┄┄┄┄┄┄┄┄┄┄┄┄┄┄┄┄┄┄┄┄┄┄┄┄┄┄┄┄┄┄┄┄┄┄┄┄┄┄┄┄┄┄┄┄┄┄┄┄┄┄┄┄┄┄┄┄┄\x1B[22m\x1B[39m
 \x1B[90m 11am\x1B[2m────────────────────────────────────────────────────────────────\x1B[22m\x1B[39m
 \x1B[90m 12pm\x1B[2m────────────────────────────────────────────────────────────────\x1B[22m\x1B[39m
 \x1B[90m  1pm\x1B[2m────────────────────────────────────────────────────────────────\x1B[22m\x1B[39m
 \x1B[90m  2pm\x1B[2m────────────────────────────────────────────────────────────────\x1B[22m\x1B[39m
 \x1B[90m  3pm\x1B[2m────────────────────────────────────────────────────────────────\x1B[22m\x1B[39m
 \x1B[90m     \x1B[2m┄┄┄┄┄┄┄┄┄┄┄┄┄┄┄┄┄┄┄┄┄┄┄┄┄┄┄┄┄┄┄┄┄┄┄┄┄┄┄┄┄┄┄┄┄┄┄┄┄┄┄┄┄┄┄┄┄┄┄┄┄┄┄┄\x1B[22m\x1B[39m
 \x1B[90m     \x1B[2m┄┄┄┄┄┄┄┄┄┄┄┄┄┄┄┄┄┄┄┄┄┄┄┄┄┄┄┄┄┄┄┄┄┄┄┄┄┄┄┄┄┄┄┄┄┄┄┄┄┄┄┄┄┄┄┄┄┄┄┄┄┄┄┄\x1B[22m\x1B[39m
 \x1B[90m     \x1B[2m┄┄┄┄┄┄┄┄┄┄┄┄┄┄┄┄┄┄┄┄┄┄┄┄┄┄┄┄┄┄┄┄┄┄┄┄┄┄┄┄┄┄┄┄┄┄┄┄┄┄┄┄┄┄┄┄┄┄┄┄┄┄┄┄\x1B[22m\x1B[39m
 \x1B[90m     \x1B[2m┄┄┄┄┄┄┄┄┄┄┄┄┄┄┄┄┄┄┄┄┄┄┄┄┄┄┄┄┄┄┄┄┄┄┄┄┄┄┄┄┄┄┄┄┄┄┄┄┄┄┄┄┄┄┄┄┄┄┄┄┄┄┄┄\x1B[22m\x1B[39m
 \x1B[90m  9pm\x1B[2m────────────────────────────────────────────────────────────────\x1B[22m\x1B[39m
 \x1B[36m6:00 AM - 6:30 AM Mon\x1B[90mer select • n/p week • t today • q cancel\x1B[2m┄┄┄┄┄┄┄\x1B[22m\x1B[39m"
`;
