// Bun Snapshot v1, https://bun.sh/docs/test/snapshots

exports[`calendar display renders 1`] = `
" \x1B[1m\x1B[37mMarch 2026\x1B[39m\x1B[22m

         \x1B[90mMon\x1B[39m      \x1B[90mTue\x1B[39m      \x1B[90mWed\x1B[39m      \x1B[90mThu\x1B[39m      \x1B[90mFri\x1B[39m      \x1B[90mSat\x1B[39m      \x1B[34mSun\x1B[39m
          \x1B[1m9\x1B[22m       \x1B[1m10\x1B[22m       \x1B[1m11\x1B[22m       \x1B[1m12\x1B[22m       \x1B[1m13\x1B[22m       \x1B[1m14\x1B[22m      \x1B[1m\x1B[44m\x1B[37m 15 \x1B[39m\x1B[49m\x1B[22m
 \x1B[90m  8am\x1B[2m────────────────────────────────────────────────────────────────\x1B[22m\x1B[39m
      \x1B[90m\x1B[2m┄┄┄┄┄┄┄┄┄┄┄┄┄┄┄┄┄┄┄┄┄┄┄┄┄┄┄┄┄┄┄┄┄┄┄┄┄┄┄┄┄┄┄┄┄┄┄┄┄┄┄┄┄┄┄┄┄┄┄┄┄┄┄┄\x1B[22m\x1B[39m
 \x1B[90m  9am\x1B[2m──────────────────────────────────────────────────────\x1B[22m\x1B[1m\x1B[37m Standup  \x1B[39m\x1B[22m
 \x1B[1m\x1B[31m9:30a\x1B[22m━━━━━━━━━━━━━━━━━━━━━━━━━━━━━━━━━━━━━━━━━━━━━━━━━━━━━━━━━━━━━━━━\x1B[39m
 \x1B[90m 10am\x1B[2m────────────────────────────────────────────────────────────────\x1B[22m\x1B[39m
      \x1B[90m\x1B[2m┄┄┄┄┄┄┄┄┄┄┄┄┄┄┄┄┄┄┄┄┄┄┄┄┄┄┄┄┄┄┄┄┄┄┄┄┄┄┄┄┄┄┄┄┄┄┄┄┄┄┄┄┄┄┄┄┄┄┄┄┄┄┄┄\x1B[22m\x1B[39m
 \x1B[90m 11am\x1B[2m────────────────────────────────────────────────────────────────\x1B[22m\x1B[39m
      \x1B[90m\x1B[2m┄┄┄┄┄┄┄┄┄┄┄┄┄┄┄┄┄┄┄┄┄┄┄┄┄┄┄┄┄┄┄┄┄┄┄┄┄┄┄┄┄┄┄┄┄┄┄┄┄┄┄┄┄┄┄┄┄┄┄┄┄┄┄┄\x1B[22m\x1B[39m
 \x1B[90m 12pm\x1B[2m────────────────────────────────────────────────────────────────\x1B[22m\x1B[39m
      \x1B[90m\x1B[2m┄┄┄┄┄┄┄┄┄┄┄┄┄┄┄┄┄┄┄┄┄┄┄┄┄┄┄┄┄┄┄┄┄┄┄┄┄┄┄┄┄┄┄┄┄┄┄┄┄┄┄┄┄┄┄┄┄┄┄┄┄┄┄┄\x1B[22m\x1B[39m
 \x1B[90m  1pm\x1B[2m────────────────────────────────────────────────────────────────\x1B[22m\x1B[39m
      \x1B[90m\x1B[2m┄┄┄┄┄┄┄┄┄┄┄┄┄┄┄┄┄┄┄┄┄┄┄┄┄┄┄┄┄┄┄┄┄┄┄┄┄┄┄┄┄┄┄┄┄┄┄┄┄┄┄┄┄┄┄┄┄┄┄┄┄┄┄┄\x1B[22m\x1B[39m
      \x1B[90m\x1B[2m┄\x1B[22m\x1B[39m        \x1B[90m\x1B[2m┄\x1B[22m\x1B[39m        \x1B[90m\x1B[2m┄\x1B[22m\x1B[39m        \x1B[90m\x1B[2m┄\x1B[22m\x1B[39m        \x1B[90m\x1B[2m┄\x1B[22m\x1B[39m        \x1B[90m\x1B[2m┄\x1B[22m\x1B[39m        \x1B[90m\x1B[2m┄\x1B[22m\x1B[39m
 \x1B[90m08:00-14:00  ↑↓ scroll  •  ←/→ week  •  t today  •  q quit\x1B[39m"
`;

exports[`calendar meeting-picker renders 1`] = `
" \x1B[1m\x1B[37mMarch 2026 - Select a meeting time\x1B[39m\x1B[22m

 \x1B[46m\x1B[30m Ana \x1B[39m\x1B[49m
         \x1B[90mMon\x1B[39m      \x1B[90mTue\x1B[39m      \x1B[90mWed\x1B[39m      \x1B[90mThu\x1B[39m      \x1B[90mFri\x1B[39m      \x1B[90mSat\x1B[39m      \x1B[34mSun\x1B[39m
          \x1B[1m9\x1B[22m       \x1B[1m10\x1B[22m       \x1B[1m11\x1B[22m       \x1B[1m12\x1B[22m       \x1B[1m13\x1B[22m       \x1B[1m14\x1B[22m      \x1B[1m\x1B[44m\x1B[37m 15 \x1B[39m\x1B[49m\x1B[22m
 \x1B[90m  8am\x1B[44m\x1B[37m\x1B[2m return  \x1B[49m\x1B[90m───────────────────────────────────────────────────────\x1B[22m\x1B[39m
 \x1B[90m     \x1B[2m┄┄┄┄┄┄┄┄┄┄┄┄┄┄┄┄┄┄┄┄┄┄┄┄┄┄┄┄┄┄┄┄┄┄┄┄┄┄┄┄┄┄┄┄┄┄┄┄┄┄┄┄┄┄┄┄┄┄┄┄┄┄┄┄\x1B[22m\x1B[39m
 \x1B[90m  9am\x1B[2m────────────────────────────────────────────────────────────────\x1B[22m\x1B[39m
 \x1B[90m     \x1B[2m┄┄┄┄┄┄┄┄┄┄┄┄┄┄┄┄┄┄┄┄┄┄┄┄┄┄┄┄┄┄┄┄┄┄┄┄┄┄┄┄┄┄┄┄┄┄┄┄┄┄┄┄┄┄┄┄┄┄┄┄┄┄┄┄\x1B[22m\x1B[39m
 \x1B[90m 10am\x1B[2m──────────────────────────────────────────────────────\x1B[22m\x1B[46m\x1B[30m Ana      \x1B[39m\x1B[49m
 \x1B[90m     \x1B[2m┄┄┄┄┄┄┄┄┄┄┄┄┄┄┄┄┄┄┄┄┄┄┄┄┄┄┄┄┄┄┄┄┄┄┄┄┄┄┄┄┄┄┄┄┄┄┄┄┄┄┄┄┄┄\x1B[22m\x1B[46m\x1B[30m Ana      \x1B[39m\x1B[49m
 \x1B[90m 11am\x1B[2m────────────────────────────────────────────────────────────────\x1B[22m\x1B[39m
 \x1B[90m     \x1B[2m┄┄┄┄┄┄┄┄┄┄┄┄┄┄┄┄┄┄┄┄┄┄┄┄┄┄┄┄┄┄┄┄┄┄┄┄┄┄┄┄┄┄┄┄┄┄┄┄┄┄┄┄┄┄┄┄┄┄┄┄┄┄┄┄\x1B[22m\x1B[39m
 \x1B[90m 12pm\x1B[2m────────────────────────────────────────────────────────────────\x1B[22m\x1B[39m
 \x1B[90m     \x1B[2m┄┄┄┄┄┄┄┄┄┄┄┄┄┄┄┄┄┄┄┄┄┄┄┄┄┄┄┄┄┄┄┄┄┄┄┄┄┄┄┄┄┄┄┄┄┄┄┄┄┄┄┄┄┄┄┄┄┄┄┄┄┄┄┄\x1B[22m\x1B[39m
 \x1B[90m  1pm\x1B[2m────────────────────────────────────────────────────────────────\x1B[22m\x1B[39m
 \x1B[90m08:00-13:30  ↑↓←→ move • Enter pick • n/p week • t today • q quit\x1B[39m
 \x1B[36m08:00 - 08:30 Mon\x1B[39m"
`;
